notexisting.domain.bbbbb
youtube.com
www.google.com
apple.com
play.google.com
microsoft.com
docs.google.com
support.google.com
www.blogger.com
maps.google.com
wordpress.org
en.wikipedia.org
adobe.com
linkedin.com
plus.google.com
cloudflare.com
europa.eu
mozilla.org
sites.google.com
accounts.google.com
vimeo.com
googleusercontent.com
drive.google.com
youtu.be
amazon.com
vk.com
creativecommons.org
bbc.co.uk
bp.blogspot.com
istockphoto.com
facebook.com
medium.com
es.wikipedia.org
github.com
line.me
policies.google.com
dailymotion.com
gstatic.com
t.me
www.yahoo.com
globo.com
jimdofree.com
reuters.com
whatsapp.com
networkadvertising.org
ok.ru
aliexpress.com
photos.google.com
hugedomains.com
google.de
dropbox.com
paypal.com
slideshare.net
developers.google.com
who.int
mail.google.com
google.fr
uol.com.br
fr.wikipedia.org
w3.org
cnn.com
bbc.com
nih.gov
msn.com
pt.wikipedia.org
feedburner.com
nytimes.com
theguardian.com
wikimedia.org
google.com.br
imdb.com
google.es
live.com
forbes.com
news.google.com
google.co.uk
google.co.jp
mail.ru
myspace.com
draft.blogger.com
cpanel.com
hatena.ne.jp
sedo.com
samsung.com
fb.com
thesun.co.uk
telegram.me
picasaweb.google.com
time.com
namecheap.com
goo.gl
translate.google.com
telegraph.co.uk
pinterest.com
dailymail.co.uk
ft.com
plesk.com
aboutads.info
wsj.com
google.it
abcnews.go.com
bloomberg.com
elpais.com
foxnews.com
webmd.com
fandom.com
independent.co.uk
ebay.com
amazon.de
nasa.gov
google.ru
archive.org
cpanel.net
office.com
change.org
harvard.edu
ipv4.google.com
huffingtonpost.com
opera.com
ig.com.br
rakuten.co.jp
rt.com
mirror.co.uk
issuu.com
android.com
mediafire.com
amazon.co.jp
files.wordpress.com
de.wikipedia.org
myaccount.google.com
marketingplatform.google.com
aol.com
abril.com.br
www.wix.com
bing.com
oracle.com
books.google.com
tinyurl.com
gravatar.com
lefigaro.fr
youronlinechoices.com
tools.google.com
buydomains.com
businessinsider.com
wikia.com
twitter.com
get.google.com
steampowered.com
booking.com
bit.ly
cnet.com
www.gov.uk
privacyshield.gov
washingtonpost.com
news.yahoo.com
cdc.gov
code.google.com
scribd.com
soundcloud.com
usatoday.com
amazon.co.uk
wired.com
themeforest.net
picasa.google.com
terra.com.br
search.google.com
un.org
sapo.pt
google.ca
iubenda.com
shutterstock.com
www.weebly.com
bt.com
pixabay.com
pl.wikipedia.org
npr.org
berkeley.edu
e-recht24.de
marriott.com
playstation.com
oup.com
express.co.uk
ja.wikipedia.org
it.wikipedia.org
yandex.ru
tes.com
deezer.com
4shared.com
akamaihd.net
digg.com
mystrikingly.com
indiatimes.com
parallels.com
smh.com.au
dw.com
cisco.com
alibaba.com
whitehouse.gov
amazon.es
lemonde.fr
mega.nz
usnews.com
welt.de
naver.jp
mashable.com
kickstarter.com
imageshack.us
gooyaabitemplates.com
amazon.fr
ietf.org
yelp.com
rapidshare.com
columbia.edu
engadget.com
sciencedaily.com
sciencedirect.com
pexels.com
addtoany.com
yadi.sk
id.wikipedia.org
bitly.com
ted.com
imageshack.com
stackoverflow.com
nikkei.com
mit.edu
pbs.org
ovh.com
t.co
ggpht.com
academia.edu
detik.com
orkut.com.br
www.over-blog.com
bp1.blogger.com
abc.es
spiegel.de
groups.google.com
sciencemag.org
disney.com
nokia.com
eventbrite.com
google.nl
wiley.com
google.pl
netflix.com
nginx.com
storage.googleapis.com
surveymonkey.com
ru.wikipedia.org
cbsnews.com
blackberry.com
quora.com
nationalgeographic.com
000webhost.com
yahoo.co.jp
cambridge.org
instructables.com
wp.com
wikihow.com
gizmodo.com
theatlantic.com
gnu.org
stanford.edu
rtve.es
ria.ru
weibo.com
list-manage.com
goo.ne.jp
rambler.ru
mysql.com
guardian.co.uk
nypost.com
metro.co.uk
my.yahoo.com
shopify.com
php.net
latimes.com
bp3.blogger.com
loc.gov
ea.com
depositfiles.com
google.co.id
google.com.tw
hp.com
washington.edu
secureserver.net
m.wikipedia.org
noaa.gov
disqus.com
news.com.au
adssettings.google.com
nbcnews.com
ikea.com
scoop.it
worldbank.org
naver.com
nginx.org
nature.com
ytimg.com
nydailynews.com
target.com
cnbc.com
netvibes.com
godaddy.com
dan.com
qq.com
goodreads.com
twitch.tv
doubleclick.net
asahi.com
bp0.blogger.com
espn.com
princeton.edu
bandcamp.com
amazon.it
urbandictionary.com
nvidia.com
sfgate.com
cbc.ca
bp2.blogger.com
sendspace.com
britannica.com
xinhuanet.com
google.co.in
apache.org
bloglovin.com
addthis.com
windowsphone.com
fastcompany.com
walmart.com
spotify.com
ign.com
abc.net.au
forms.gle
tripadvisor.com
a8.net
buzzfeed.com
photos1.blogger.com
asus.com
instagram.com
vox.com
huffpost.com
wa.me
fifa.com
psychologytoday.com
ox.ac.uk
hm.com
researchgate.net
standard.co.uk
economist.com
over-blog-kiwi.com
gmail.com
www.wikipedia.org
gofundme.com
ovh.net
newsweek.com
nhk.or.jp
cornell.edu
techcrunch.com
theverge.com
box.com
thetimes.co.uk
about.com
trustpilot.com
unesco.org
icann.org
dell.com
biglobe.ne.jp
elmundo.es
finance.yahoo.com
hollywoodreporter.com
vice.com
ovh.co.uk
variety.com
umich.edu
yale.edu
zendesk.com
googleblog.com
utexas.edu
ibm.com
photobucket.com
xbox.com
channel4.com
fortune.com
sina.com.cn
thestar.com
archives.gov
calendar.google.com
histats.com
upenn.edu
disney.go.com
rediff.com
people.com
teamviewer.com
elsevier.com
dot.tk
fda.gov
debian.org
www.skyrock.com
mail.yahoo.com
ehow.com
gamestop.com
discovery.com
clickbank.net
sports.yahoo.com
com.com
stores.jp
psu.edu
mhlw.go.jp
arstechnica.com
thefreedictionary.com
house.gov
lonelyplanet.com
pastebin.com
theglobeandmail.com
ameblo.jp
afternic.com
oreilly.com
eonline.com
weather.com
dreamstime.com
www.canalblog.com
megaupload.com
home.pl
scientificamerican.com
amzn.to
entrepreneur.com
csmonitor.com
cmu.edu
pcmag.com
weforum.org
howstuffworks.com
home.neustar
newyorker.com
inc.com
wattpad.com
cbslocal.com
example.com
newscientist.com
cocolog-nifty.com
nifty.com
intel.com
www.livejournal.com
e-monsite.com
ucoz.ru
lycos.com
ftc.gov
flickr.com
mixcloud.com
ibtimes.com
slate.com
corriere.it
chicagotribune.com
usgs.gov
zdnet.com
state.gov
tmz.com
eff.org
amazon.ca
billboard.com
thoughtco.com
arxiv.org
gesetze-im-internet.de
sky.com
usc.edu
marketwatch.com
tabelog.com
sputniknews.com
merriam-webster.com
techradar.com
axs.com
airbnb.com
indiegogo.com
answers.yahoo.com
vchecks.me
skype.com
orange.fr
coursera.org
irs.gov
prezi.com
lego.com
fb.me
about.me
steamcommunity.com
geocities.jp
gutenberg.org
foursquare.com
storage.canalblog.com
20minutos.es
uber.com
boston.com
imgur.com
vkontakte.ru
adweek.com
google.com.au
behance.net
politico.com
softpedia.com
xfinity.com
epa.gov
